Late submission rate (in time: 1, decrease 0.2 per late submission day): 1
Slab structure grade: 10
Functionality test grade: 74.55
Functionality test score is at least 66, run bonus test
Bonus (list api): 10
Bonus (in-cache): 10
Private test grade: 14.75


                                                                                                                                                      
                                                                                                                                                      
                                                                                                                                                      
   ***#***+**+**+++**++++++++++=++---###%###-----------------------------:----------------------------------------+@@@@@@@@@@@@@@@@@@@@@@@@@@@@@@@@   
   *++++++++++**++++++++++*+++++**--=##%###------------------------------:---------------------------------------=+@@@@@@@@@@@@@@@@@@@@@@@@@@@@@@@@   
   +++++++++####=++*#**%##%##@@@@@=-=#%###=------------:-----------------:---------------------------------------=+@@@@@@@@@@@@@@@@@@@@@@@@@@@@@@@@   
   +++++++++#####*#%##%#@%@@@@@%*=--#####=---------------------------:--::------:--------------------------------=#@@@@@@@@@@@@@@@@@@@@@@@@@@@@@@@@   
   =+++++=+%#%#%##@#@#####@#*++==#--#%##=-------------:---:-----------:--:---:--------:--------------------------=@@@@@@@@@@@@@@@@@@@@@@@@@@@@@@@@@   
   +++++*##@%######@#%####+####=##*-###+--------------:-----::::::-:-::::-:::::::-::-----------------------------=@@@@@@@@@@@@@%++#@@@@@@@@@@@@@@@@   
   +*#@@@@@@#@#@##+##%=#######*=##--##*---------------:::::::-::::::::-::::::-::::::::-::------------------------=@@@@@@@@@@@@@#+#@@@@@@@@@@@@@@@@@   
   @@@@@@@@%###====--=-===++++##+*=-=#-:------------:-:::-::-:-:::::::::::::::::-::-::::::::-::------------------=@%@@@@@@@@@@@+=+%@@@@@@@@@@@@@@@@   
   @@@@%+====-=::--:-=:=++=++#==+**--*-----------::-::::-:::::::::::::::::::::::::::::::--::::::-----------------@@@@@@@@@@@@@%==#@@@@@@@@@@@@@@@@@   
   *======---:--=+==++==*+=++#+=++#--+-------::--::::::::::::::::::::::::::::::::::::::::::-:--::-::-------------@@@@@@@@@%@@@*==%@@@@@@@@@%##%@@@@   
   =--------====+++==++=**++***=++#---:-----::-::::---::::::::::::::::::::::::::::::::::::+:::-::::--:-----------%%%@@@@@@%%%%===+**#@@@@@%#**+*#%@   
   ------===+==-=*+==**=+#+=*#*=+=#+--:-----:::::::::-#-::::::::::::::::::::::::::::::::::#-:::::::::-::---------%%%%%@@@@@@@#==+++***###@@%#####%@   
   --=======++===+*+=+#*=##+*#*+=++#------:::::-----+%%-:::::::::::::::::::.:::::::::::::::%-::::--:::::--------%@@%%%%%+=====-=+*+*++++++++%@%#@@@   
   --=++=====++==+#*++##+##+=##+=+=#--:------::----%%@%-::::::::::::::::.::.::::::::::::::-%=:-::::::-::-::----=@@@@@@@#==--=-+++%@@@@#*+++++++#@@@   
   -==+++====*++==##+=##++%#=##*===*---%@--------=%%#%%%-:::::::::.::::..::::::.::::::::::-%%---:=:--:------%-==@@@@@@@#=========#%@@@@@@%*+++++++*   
   -===*+=--=+*+==#%#=*%#+##=+**===+---@@@@----*%*%%@%%%-:::*:::.:.....:.:::#:::.:::::::::::%%:--:-%------%@@-=+@@@@@@@#+++++++++######%@@@@%*+++++   
   -===+*+===+##+=+%%++##=*#+=*++-=#---+@@@@*%%-+%=%%%%%%-::::..:.::..::::::#:::.#:.::::::::%%%-%---:-=#-@@@%-=+@@@@@@@@@@@@@@@@@@@@@@@@@@@@@@@%#*+   
   -====##+===##+==#%*=##++#+-++*==*----%@@@@@%--------+#%:::::::...::....::##::::#-::.:.:::-#-----:---*@#@%-==+@@@@@@@@@@@@@@@@@@@@@@@@@@@@@@@@@@%   
   ==---*##==-+%#==+%#=+#+=#*=+++==+--=---@@@@@@*=@@%@@+-=-:::#-::...:..:..:*##::::##+::::::::===@%*=%@@%@---@=+@@@@@@@@@@@@@@@@@@@@@@@@@@@@@@@@@@@   
   ===--=%#+===##+-=##++*+=**+%%+=----=----=@%@@@%+@%=**++::=:::+-+::.:-.:+::#=##::.#--=+%::::--%@*%@%#%=----@=+@@@@@@@@@@@@@@@@@@@@@@@@@@@@@@@@@@@   
   ======#%#==-*#*=-##+-++=+#+*+%+-::-=:::----%@@%%#%%+++++++++=:##+#=:::.:#::#####*:-**+++++%#%%%%%%%-------@=+*@@@@@@@@@@@@@@@@@@@@@@@@@@@@@@@@@@   
   ======+%#+===#*==+#*==*+%@++##+=--=-::::-=---@@%%%%%+#+***+%%#%###+##:::::#=:##%%##%#+*+==%%%%%%%%-.%-----@@++@@@@@@@@@@@@@@@@@@@@@@@@@@@@@@@@@@   
   +=====-#%#==-**+==#*=#@%==*+@+==-:-::::::=:---@%%%%%%%###%#%%###############%##%%#%%%##%%%%%%%%%%--.@-----=@++@@@@@@@@@@@@@@@@@@@@@@@@@@@@@@@@@@   
   *======+%#===+*+==+*+%#==+#+%+-:---:::::==:::--@%%###########%#################%##%%%########%##=---@%----=@*+*@@@@@@@@@@@@@@@@@@@@@@@@@@@@@@@@@   
   #+====-=##+-==*+==@@%+==+#%#-==-:=-::::.==:::::#@################%###############%#############+----@@---==@@++@@@@@@@@@@@@@@@@@@@@@@@@@@@@@@@@@   
   #*=====-+#*===+++#%++==%+==-+-:----::::==-::::::%%##############%###%#%%####%#################*::---@@@=====@%+@@@@@@@@@@@@@@@@@@@@@@@@@@@@@@@@@   
   =#+======#*+-=#%#=*=++#%%-==--::--::::===::::.:::=%%#########%#####%#@@@%####################=:::--=@@@+====@@++%@@@@@@@@@@@@@@@@@@@@@@@@@@@@@@@   
   -##======+*+=@@%==+=@+==-+-----==-::::===::::.::::-@%%################@@########%###########:::::---@@@@====@@@*@@@@@@@@@@@@@@@@@@@@@@@@@@@@@@@@   
   ==#+==-===**+*=+===%%%--=---=:-=-::::==+*:::::::----@%%%%###########################%###%%+-:::::---=@@@@===+@@*#@@@@@@@@@@@@@@@@@@@@@@@@@@@@@@@   
   +=*#===-=%@@+=%=*#=+=-=---=--:==-:::==+*-:::::--+@@@@@#%%###############################+%%%%#+-:---=@@@@*==+@@@*@@@@@@@@@@@@@@@@@@@@@@@@@@@@@@@   
   *==*+--=#%*=++#+%+=--=-:--==:===:::-=========+@@@@@@@%%%##########===========##########%%%%%%%%%%%%-=@@@@@===+@@%#@@@@@@@@@@@@@@@@@@@@@@@@@@@@@@   
   *+-++---==#==+=+#+-==-:-==---==::::=========+@@@@%%%%%%%%############*++++*#########*%%%%%%%%%%%%%%%--%@@@@===@@@*@@@@@@@@@@@@@@@@@@@@@@@@@@@@@@   
   *+==+=---=#=*#=%=:+--:===---===---=#+======+%%%%%%%%%%%#%######*###############*####+#%%%%%%%%%%%%%%--%%@*#*==+@@*#@@@@@@@@@@@@@@@@@@@@@@@@@@@@@   
   *++-+=---==+@#+--=-:-===-=--==-#@@@+=======+%%%%%%%%%%##############+#####+#########+##%#%%%%%%%%%%%=-*%%%#*###@@@+@@@@@@@@@@@@@@@@@@@@@@@@@@@@@   
   #**==+=---#+=-:=-::-===-----=+@@@#+========%%%%%%%%%%#%###*############################%%%%%%%%%%%%%--#%%%***##*%@+@@@@@@@@@@@@@@@@@@@@@@@@@@@@@   
   %%==-=+---+#-:+-::----------+@##*++========%%%%%%%%#%%#%################################%#%%%%%%%%%%--#%%%****####=#@@@@@@@@@@@@@@@@@@@@@@@@@@@@   
   +=#*====----==::-======-=--=@###*++=======-#%%%%%%#@@@@-@@@#:@@*+@@@@.+@%:.:@:@*@#@..@#@.@@@@#%%%%%#--%%%******#####@@@@@@@@@@@@@@@@@@@@@@@@@@@@   
   ==+++====----::-=========-=@@#**+=========:*%%%%%%%@+    How dare you get over 100%!!!   .=++#%%%%#--*%%%*******###%@@@@@@@@@@@@@@@@@@@@@@@@@@@@   
   ==#@*====--:::-===========@@##+*+=========::##%%%#%##         (Congratulations!)         ##%%%%%%#*:-%%%#*******####@@@@@@@@@@@@@@@@@@@@@@@@@@@@   
   ==%@%%==+-::-==========-=*@##**+=========#+:-##%%#%%########+#####################*######%##%##%##--#%%%++******####%%@@@@@@@@@@@@@@@@@@@@@@@@@@   
                                                                                                                                                      
                                                                                                                                                      
                                                                                                                                                      
                                                                                                                                                      

Student r13922119 got score: 119.3, record score as:
student_id,slab,func,list,cache,private,late_submission_rate,score
r13922119,10,74.55,10,10,14.75,1,119.3
